START 2026-08-24T11:40:04Z

Running 65 tests using 1 worker

(node:77336) Warning: The 'NO_COLOR' env is ignored due to the 'FORCE_COLOR' env being set.
(Use `node --trace-warnings ...` to show where the warning was created)
  ✓   1 [contracts] › tests/contracts/ondo-b-client-data-boundary.spec.ts:51:1 › PROD-B-DATA-001 initial B client graph uses only compact venue data and the canonical allowlist (9ms)
  ✓   2 [contracts] › tests/contracts/ondo-b-client-data-boundary.spec.ts:64:1 › PROD-B-DATA-002 venue detail API retains the full canonical server dataset (10ms)
  ✓   3 [contracts] › tests/contracts/ondo-b-production-acceptance.spec.ts:85:1 › PROD-B-001 active /ondo-b import graph excludes unconfigured product clusters and synthetic data (9ms)
  ✓   4 [contracts] › tests/contracts/ondo-b-production-acceptance.spec.ts:96:1 › PROD-B-002 scenario, QA, and legacy storage injection cannot mutate production UI or state (6ms)
  ✓   5 [contracts] › tests/contracts/ondo-b-production-acceptance.spec.ts:123:1 › PROD-B-003 reachable user-facing literals contain no demo, simulation, hypothesis, or fake-success copy (5ms)
  ✓   6 [contracts] › tests/contracts/ondo-b-production-acceptance.spec.ts:135:1 › PROD-B-004 active production registry contains only six real flows and twenty pre-baseline cases (1ms)
  ✓   7 [contracts] › tests/contracts/ondo-b-production-discovery.spec.ts:15:1 › PROD-DISCOVERY-001 publishes exactly the official Seoul and Busan directory (1ms)
  ✓   8 [contracts] › tests/contracts/ondo-b-production-discovery.spec.ts:23:1 › PROD-DISCOVERY-002 map records expose source facts, never a product score layer (247ms)
  ✓   9 [contracts] › tests/contracts/ondo-b-production-discovery.spec.ts:35:1 › PROD-DISCOVERY-003 B discovery source has no preview vocabulary or preview data dependency (2ms)
  ✓  10 [contracts] › tests/contracts/ondo-b-production-discovery.spec.ts:45:1 › PROD-DISCOVERY-004 place surface contains only directory decisions (2ms)
  ✓  11 [contracts] › tests/contracts/ondo-b-production-local.spec.ts:8:1 › B-PROD-LOCAL-001 B composes only production local-device surfaces (0ms)
  ✓  12 [contracts] › tests/contracts/ondo-b-production-local.spec.ts:16:1 › B-PROD-LOCAL-002 B navigation is Explore, Saved, Settings without a hidden external branch (0ms)
  ✓  13 [contracts] › tests/contracts/ondo-b-production-local.spec.ts:26:1 › B-PROD-LOCAL-003 B persistence is an explicit allowlist and never restores synthetic session state (3ms)
  ✓  14 [contracts] › tests/contracts/ondo-b-production-local.spec.ts:49:1 › B-PROD-LOCAL-004 canonical local saves have no account gate, timer, or query-controlled outcome (1ms)
  ✓  15 [contracts] › tests/contracts/ondo-b-production-local.spec.ts:63:1 › B-PROD-LOCAL-005 Saved, Settings, and private notes expose only real device behavior (0ms)
  ✓  16 [contracts] › tests/contracts/ondo-b-saved-return-history.spec.ts:6:1 › saved return from detail requests native Back without a mounted traversal guard (1ms)
  ✓  17 [contracts] › tests/contracts/ondo-b-standalone-packaging.spec.ts:22:3 › ONDO B standalone Sites packaging › B-STANDALONE-001 declares a deterministic B-only build, scan, and probe lane (1ms)
  ✓  18 [contracts] › tests/contracts/ondo-b-standalone-packaging.spec.ts:37:3 › ONDO B standalone Sites packaging › B-STANDALONE-002 keeps the checked-in A hosting identity byte-for-byte protected (1ms)
  ✓  19 [contracts] › tests/contracts/ondo-b-standalone-packaging.spec.ts:52:3 › ONDO B standalone Sites packaging › B-STANDALONE-003 prepared source contains only the production route and canonical venue API (113ms)
  ✓  20 [contracts] › tests/contracts/ondo-b-standalone-packaging.spec.ts:75:3 › ONDO B standalone Sites packaging › B-STANDALONE-004 generated package is explicitly isolated from legacy providers and routes (27ms)
  ✓  21 [contracts] › tests/contracts/ondo-b-standalone-packaging.spec.ts:92:3 › ONDO B standalone Sites packaging › B-STANDALONE-005 scanner rejects exact compiled legacy UI identifiers while source-only truth types remain allowed (2ms)
  ✓  22 [contracts] › tests/contracts/ondo-b-standalone-packaging.spec.ts:113:3 › ONDO B standalone Sites packaging › B-STANDALONE-006 prepared onboarding CSS contains only the official-directory production surface (30ms)
  ✓  23 [contracts] › tests/contracts/ondo-contracts.spec.ts:18:1 › CONTRACT-DATA-001 coordinates remain canonical (0ms)
  ✓  24 [contracts] › tests/contracts/ondo-contracts.spec.ts:24:1 › CONTRACT-DATA-002 limited signals never invent a score (0ms)
  ✓  25 [contracts] › tests/contracts/ondo-contracts.spec.ts:29:1 › CONTRACT-DATA-003 returnTo preserves a nested gate queue (0ms)
  ✓  26 [contracts] › tests/contracts/ondo-contracts.spec.ts:36:1 › CONTRACT-DATA-004 age and payment gates stay independent (10ms)
  ✓  27 [contracts] › tests/contracts/ondo-contracts.spec.ts:53:1 › CONTRACT-DATA-005 evidence adapters expose their source standard (0ms)
  ✓  28 [contracts] › tests/contracts/ondo-contracts.spec.ts:62:1 › CONTRACT-DATA-006 expired evidence is rejected (0ms)
  ✓  29 [contracts] › tests/contracts/ondo-contracts.spec.ts:70:1 › CONTRACT-DATA-007 chat access requires confirmed membership (0ms)
  ✓  30 [contracts] › tests/contracts/ondo-contracts.spec.ts:76:1 › CONTRACT-DATA-008 chat images and local signals use different upload contexts (0ms)
  ✓  31 [contracts] › tests/contracts/ondo-contracts.spec.ts:81:1 › CONTRACT-DATA-009 first mission changes visit and contribution only (0ms)
  ✓  32 [contracts] › tests/contracts/ondo-contracts.spec.ts:93:1 › CONTRACT-DATA-010 checkout cannot increment a stamp (0ms)
  ✓  33 [contracts] › tests/contracts/ondo-contracts.spec.ts:98:1 › CONTRACT-DATA-011 bridge phase progression is ordered (1ms)
  ✓  34 [contracts] › tests/contracts/ondo-contracts.spec.ts:103:1 › CONTRACT-DATA-012 merchant receipt does not claim general safety (0ms)
  ✓  35 [contracts] › tests/contracts/ondo-contracts.spec.ts:108:1 › CONTRACT-DATA-013 asset representations remain separate (0ms)
  ✓  36 [contracts] › tests/contracts/ondo-contracts.spec.ts:117:1 › CONTRACT-DATA-014 zkLogin fixture is a testnet signer only (0ms)
  ✓  37 [contracts] › tests/contracts/ondo-contracts.spec.ts:122:1 › CONTRACT-DATA-015 truth and isSimulation remain aligned (0ms)
  ✓  38 [contracts] › tests/contracts/ondo-contracts.spec.ts:127:1 › CONTRACT-DATA-016 onboarding fixtures contain no verification mutation (0ms)
  ✓  39 [contracts] › tests/contracts/ondo-persistence-docs.spec.ts:29:1 › CONTRACT-DATA-017 v3 persistence keys and stored field allowlists stay canonical (5ms)
  ✓  40 [contracts] › tests/contracts/ondo-persistence-docs.spec.ts:52:1 › CONTRACT-DATA-018 return envelope identifiers and shape stay aligned with canonical docs (10ms)
  ✓  41 [contracts] › tests/contracts/ondo-persistence-docs.spec.ts:84:1 › CONTRACT-DATA-019 canonical persistence boundary never permits sensitive browser storage (2ms)
  ✓  42 [contracts] › tests/contracts/ondo-persistence-docs.spec.ts:94:1 › CONTRACT-DATA-020 restored gates reject non-allowlisted data and strip unknown fields (2ms)
  ✓  43 [contracts] › tests/contracts/ondo-persistence-docs.spec.ts:107:1 › CONTRACT-DATA-021 each return CTA accepts only its real gate sequence and context (2ms)
  ✓  44 [contracts] › tests/contracts/ondo-persistence-docs.spec.ts:127:1 › CONTRACT-DATA-022 malformed context, gate sequences, and token epochs never restore (4ms)
  ✓  45 [contracts] › tests/contracts/ondo-persistence-docs.spec.ts:157:1 › CONTRACT-DATA-023 canonical docs own the CTA gate/context matrix and Labs has no default fallthrough (2ms)
  ✓  46 [contracts] › tests/contracts/ondo-persistence-docs.spec.ts:179:1 › CONTRACT-DATA-024 hydration validates return contexts against canonical entity registries (1ms)
  ✓  47 [contracts] › tests/contracts/ondo-persistence-docs.spec.ts:192:1 › CONTRACT-DATA-025 canonical docs type and describe registry-safe return restoration exactly (2ms)
  ✓  48 [contracts] › tests/contracts/ondo-persistence-docs.spec.ts:211:1 › CONTRACT-DATA-026 return queues equal the unsatisfied gates from the resolved full plan (1ms)
  ✓  49 [contracts] › tests/contracts/ondo-persistence-docs.spec.ts:233:1 › CONTRACT-DATA-027 provider and canonical docs enforce progress coherence through mutation (2ms)
  ✓  50 [contracts] › tests/contracts/ondo-production-venue-integrity.spec.ts:98:1 › VENUE-PROD-001 four canonical artifacts describe the same exact 400-record directory (4ms)
  ✓  51 [contracts] › tests/contracts/ondo-production-venue-integrity.spec.ts:117:1 › VENUE-PROD-002 every record has a derived canonical id, complete source evidence, and bounded coordinates (1.3s)
  ✓  52 [contracts] › tests/contracts/ondo-production-venue-integrity.spec.ts:165:1 › VENUE-PROD-003 provenance and per-field digests preserve the LOCALDATA snapshot boundary (2.5s)
  ✓  53 [contracts] › tests/contracts/ondo-production-venue-integrity.spec.ts:199:1 › VENUE-PROD-004 detail API is canonical-only and carries an explicit snapshot limitation (6ms)
  ✓  54 [contracts] › tests/contracts/ondo-production-venue-integrity.spec.ts:235:1 › VENUE-PROD-005 persistence sanitizers accept canonical ids and notes only (1ms)
  ✓  55 [contracts] › tests/contracts/ondo-production-venue-integrity.spec.ts:264:1 › VENUE-PROD-006 /ondo-b production graph contains no fictional legacy venue ids (4ms)
  ✓  56 [contracts] › tests/contracts/ondo-venue-detail-server.spec.ts:6:1 › VENUE-DETAIL-001 resolves one stable venue without weakening field provenance (0ms)
  ✓  57 [contracts] › tests/contracts/ondo-venue-detail-server.spec.ts:33:1 › VENUE-DETAIL-002 unknown ids do not fall back to a different record (0ms)
  ✓  58 [contracts] › tests/contracts/ondo-venues-data.spec.ts:15:1 › VENUE-DATA-001 publishes exact Seoul 200 and Busan 200 quotas (0ms)
  ✓  59 [contracts] › tests/contracts/ondo-venues-data.spec.ts:21:1 › VENUE-DATA-002 ids and official source records are unique (0ms)
  ✓  60 [contracts] › tests/contracts/ondo-venues-data.spec.ts:27:1 › VENUE-DATA-003 source evidence does not become open-now or heat truth (443ms)
  ✓  61 [contracts] › tests/contracts/ondo-venues-data.spec.ts:39:1 › VENUE-DATA-004 map seam preserves coordinate and truth boundaries (0ms)
  ✓  62 [contracts] › tests/contracts/ondo-venues-data.spec.ts:55:1 › VENUE-DATA-005 canonical JSON and GeoJSON have an exact id/coordinate set (58ms)
  ✓  63 [contracts] › tests/contracts/ondo-venues-data.spec.ts:62:1 › VENUE-DATA-006 provenance fixes official source, license and source hashes (1ms)
  ✓  64 [contracts] › tests/contracts/ondo-venues-data.spec.ts:70:1 › VENUE-DATA-007 each city-district/category quota is exact (22ms)
  ✓  65 [contracts] › tests/contracts/ondo-venues-data.spec.ts:82:1 › VENUE-DATA-008 published category is normalized only from the official business type (112ms)

  65 passed (5.8s)
END 2026-08-24T11:40:11Z
EXIT 0
