START 2026-08-24T11:41:53Z

Running 86 tests using 1 worker

(node:80144) Warning: The 'NO_COLOR' env is ignored due to the 'FORCE_COLOR' env being set.
(Use `node --trace-warnings ...` to show where the warning was created)
  ✓   1 [mobile-chromium] › tests/e2e/ondo-b-production-disclosure-focus.spec.ts:29:7 › ONDO B production disclosure and focus boundaries › location message does not cover the map key at 360x800 en (4.0s)
  ✓   2 [mobile-chromium] › tests/e2e/ondo-b-production-disclosure-focus.spec.ts:29:7 › ONDO B production disclosure and focus boundaries › location message does not cover the map key at 360x800 ko (2.8s)
  ✓   3 [mobile-chromium] › tests/e2e/ondo-b-production-disclosure-focus.spec.ts:29:7 › ONDO B production disclosure and focus boundaries › location message does not cover the map key at 390x844 en (3.1s)
  ✓   4 [mobile-chromium] › tests/e2e/ondo-b-production-disclosure-focus.spec.ts:29:7 › ONDO B production disclosure and focus boundaries › location message does not cover the map key at 390x844 ko (2.8s)
  ✓   5 [mobile-chromium] › tests/e2e/ondo-b-production-disclosure-focus.spec.ts:29:7 › ONDO B production disclosure and focus boundaries › location message does not cover the map key at 430x932 en (3.1s)
  ✓   6 [mobile-chromium] › tests/e2e/ondo-b-production-disclosure-focus.spec.ts:29:7 › ONDO B production disclosure and focus boundaries › location message does not cover the map key at 430x932 ko (3.0s)
  ✓   7 [mobile-chromium] › tests/e2e/ondo-b-production-disclosure-focus.spec.ts:56:5 › ONDO B production disclosure and focus boundaries › closing a place restores its exact list opener at 390x844 (891ms)
  ✓   8 [mobile-chromium] › tests/e2e/ondo-b-production-disclosure-focus.spec.ts:56:5 › ONDO B production disclosure and focus boundaries › closing a place restores its exact list opener at 844x390 (769ms)
  ✓   9 [mobile-chromium] › tests/e2e/ondo-b-production-discovery.spec.ts:28:3 › production official-source discovery › first run is a short bilingual source introduction (1.0s)
  ✓  10 [mobile-chromium] › tests/e2e/ondo-b-production-discovery.spec.ts:48:3 › production official-source discovery › city, official category, search, list and legacy URL cleanup remain usable (1.0s)
  ✓  11 [mobile-chromium] › tests/e2e/ondo-b-production-discovery.spec.ts:71:3 › production official-source discovery › map failure keeps the same official directory and retry is real (1.4s)
  ✓  12 [mobile-chromium] › tests/e2e/ondo-b-production-discovery.spec.ts:88:3 › production official-source discovery › place detail shows sourced facts, unknowns, directions and no unsupported actions (1.4s)
  ✓  13 [mobile-chromium] › tests/e2e/ondo-b-production-inclusive.spec.ts:29:3 › ONDO B production inclusive surfaces › B-PROD-INCLUSIVE-000 short-landscape onboarding starts at the source introduction (661ms)
  ✓  14 [mobile-chromium] › tests/e2e/ondo-b-production-inclusive.spec.ts:58:3 › ONDO B production inclusive surfaces › B-PROD-INCLUSIVE-001 category controls meet the 44px target in EN and KO (743ms)
  ✓  15 [mobile-chromium] › tests/e2e/ondo-b-production-inclusive.spec.ts:73:3 › ONDO B production inclusive surfaces › B-PROD-INCLUSIVE-002 empty directory results preserve list semantics and contrast (884ms)
  ✓  16 [mobile-chromium] › tests/e2e/ondo-b-production-inclusive.spec.ts:84:3 › ONDO B production inclusive surfaces › B-PROD-INCLUSIVE-003 saved-place metadata stays at the 12px production floor (922ms)
  ✓  17 [mobile-chromium] › tests/e2e/ondo-b-production-inclusive.spec.ts:98:3 › ONDO B production inclusive surfaces › B-PROD-INCLUSIVE-004 reset confirmation traps Tab and restores its opener (747ms)
  ✓  18 [mobile-chromium] › tests/e2e/ondo-b-production-inclusive.spec.ts:117:3 › ONDO B production inclusive surfaces › B-PROD-INCLUSIVE-005 place summary isolates the underlying directory (967ms)
  ✓  19 [mobile-chromium] › tests/e2e/ondo-b-production-local.spec.ts:36:3 › ONDO B production local-device shell › B-PROD-E2E-001 synthetic session and QA query cannot expose external-product surfaces (685ms)
  ✓  20 [mobile-chromium] › tests/e2e/ondo-b-production-local.spec.ts:57:3 › ONDO B production local-device shell › B-PROD-E2E-002 a private note persists locally and never creates activity state (785ms)
  ✓  21 [mobile-chromium] › tests/e2e/ondo-b-production-local.spec.ts:77:3 › ONDO B production local-device shell › B-PROD-E2E-003 a real storage exception reports failure and keeps the draft (710ms)
  ✓  22 [mobile-chromium] › tests/e2e/ondo-b-production-local.spec.ts:95:3 › ONDO B production local-device shell › B-PROD-SEC-001 visiting B does not read-rewrite or delete A-owned storage (1.1s)
  ✓  23 [mobile-chromium] › tests/e2e/ondo-b-production-local.spec.ts:133:3 › ONDO B production security and resilience boundaries › B-PROD-SEC-002 social metadata rejects forwarded-host and scheme poisoning (16ms)
  ✓  24 [mobile-chromium] › tests/e2e/ondo-b-production-local.spec.ts:146:3 › ONDO B production security and resilience boundaries › B-PROD-SEC-002B invalid local ports fail closed without dropping metadata (16ms)
  ✓  25 [mobile-chromium] › tests/e2e/ondo-b-production-local.spec.ts:158:3 › ONDO B production security and resilience boundaries › B-PROD-SEC-003 HTML responses apply baseline browser security policy (8ms)
  ✓  26 [mobile-chromium] › tests/e2e/ondo-b-production-local.spec.ts:170:3 › ONDO B production security and resilience boundaries › B-PROD-SEC-004 official-detail failure is announced and directly retryable (1.2s)
  ✓  27 [mobile-chromium] › tests/e2e/ondo-b-production-local.spec.ts:191:3 › ONDO B production security and resilience boundaries › B-PROD-SEC-005 location control discloses external map processing before permission (1.2s)
  ✓  28 [mobile-chromium] › tests/e2e/ondo-b-production-local.spec.ts:204:3 › ONDO B production security and resilience boundaries › B-PROD-SEC-006 directory search bounds pasted input before filtering (1.1s)
  ✓  29 [mobile-chromium] › tests/e2e/ondo-b-production-local.spec.ts:214:3 › ONDO B production security and resilience boundaries › B-PROD-SEC-007 B metadata does not inherit the stale A canonical URL (7ms)
  -  30 [mobile-chromium] › tests/e2e/ondo-b-production-map-chrome-geometry.spec.ts:155:5 › ONDO B production map chrome geometry › EN keeps truthful map chrome independent across production viewports
  -  31 [mobile-chromium] › tests/e2e/ondo-b-production-map-chrome-geometry.spec.ts:155:5 › ONDO B production map chrome geometry › KO keeps truthful map chrome independent across production viewports
  -  32 [mobile-chromium] › tests/e2e/ondo-b-production-map-chrome-red-matrix.spec.ts:1180:3 › ONDO B production map chrome RED matrix › B-PROD-MAP-CHROME-RED-001 seals map chrome across locales, states and structural seams
  ✓  33 [mobile-chromium] › tests/e2e/ondo-b-production-map-chrome-structural.spec.ts:163:3 › ONDO B structural production map chrome › resize hands zoom focus to a visible successor without stealing unrelated focus (1.5s)
  -  34 [mobile-chromium] › tests/e2e/ondo-b-production-map-chrome-structural.spec.ts:199:7 › ONDO B structural production map chrome › EN idle keeps every actual-root lane truthful across the exact matrix
  -  35 [mobile-chromium] › tests/e2e/ondo-b-production-map-chrome-structural.spec.ts:199:7 › ONDO B structural production map chrome › EN ready keeps every actual-root lane truthful across the exact matrix
  -  36 [mobile-chromium] › tests/e2e/ondo-b-production-map-chrome-structural.spec.ts:199:7 › ONDO B structural production map chrome › EN denied keeps every actual-root lane truthful across the exact matrix
  -  37 [mobile-chromium] › tests/e2e/ondo-b-production-map-chrome-structural.spec.ts:199:7 › ONDO B structural production map chrome › EN offline keeps every actual-root lane truthful across the exact matrix
  -  38 [mobile-chromium] › tests/e2e/ondo-b-production-map-chrome-structural.spec.ts:199:7 › ONDO B structural production map chrome › KO idle keeps every actual-root lane truthful across the exact matrix
  -  39 [mobile-chromium] › tests/e2e/ondo-b-production-map-chrome-structural.spec.ts:199:7 › ONDO B structural production map chrome › KO ready keeps every actual-root lane truthful across the exact matrix
  -  40 [mobile-chromium] › tests/e2e/ondo-b-production-map-chrome-structural.spec.ts:199:7 › ONDO B structural production map chrome › KO denied keeps every actual-root lane truthful across the exact matrix
  -  41 [mobile-chromium] › tests/e2e/ondo-b-production-map-chrome-structural.spec.ts:199:7 › ONDO B structural production map chrome › KO offline keeps every actual-root lane truthful across the exact matrix
  ✓  42 [mobile-chromium] › tests/e2e/ondo-b-production-url-canonicalization.spec.ts:33:5 › ONDO B production discovery URL canonicalization › strips every non-discovery key and hash while preserving EN discovery history (793ms)
  ✓  43 [mobile-chromium] › tests/e2e/ondo-b-production-url-canonicalization.spec.ts:33:5 › ONDO B production discovery URL canonicalization › strips every non-discovery key and hash while preserving KO discovery history (883ms)
(node:81025) Warning: The 'NO_COLOR' env is ignored due to the 'FORCE_COLOR' env being set.
(Use `node --trace-warnings ...` to show where the warning was created)
  ✓  44 [desktop-chromium] › tests/e2e/ondo-b-production-disclosure-focus.spec.ts:29:7 › ONDO B production disclosure and focus boundaries › location message does not cover the map key at 360x800 en (2.8s)
  ✓  45 [desktop-chromium] › tests/e2e/ondo-b-production-disclosure-focus.spec.ts:29:7 › ONDO B production disclosure and focus boundaries › location message does not cover the map key at 360x800 ko (2.7s)
  ✓  46 [desktop-chromium] › tests/e2e/ondo-b-production-disclosure-focus.spec.ts:29:7 › ONDO B production disclosure and focus boundaries › location message does not cover the map key at 390x844 en (2.6s)
  ✓  47 [desktop-chromium] › tests/e2e/ondo-b-production-disclosure-focus.spec.ts:29:7 › ONDO B production disclosure and focus boundaries › location message does not cover the map key at 390x844 ko (2.3s)
  ✓  48 [desktop-chromium] › tests/e2e/ondo-b-production-disclosure-focus.spec.ts:29:7 › ONDO B production disclosure and focus boundaries › location message does not cover the map key at 430x932 en (2.7s)
  ✓  49 [desktop-chromium] › tests/e2e/ondo-b-production-disclosure-focus.spec.ts:29:7 › ONDO B production disclosure and focus boundaries › location message does not cover the map key at 430x932 ko (2.6s)
  ✓  50 [desktop-chromium] › tests/e2e/ondo-b-production-disclosure-focus.spec.ts:56:5 › ONDO B production disclosure and focus boundaries › closing a place restores its exact list opener at 390x844 (791ms)
  ✓  51 [desktop-chromium] › tests/e2e/ondo-b-production-disclosure-focus.spec.ts:56:5 › ONDO B production disclosure and focus boundaries › closing a place restores its exact list opener at 844x390 (684ms)
  ✓  52 [desktop-chromium] › tests/e2e/ondo-b-production-discovery.spec.ts:28:3 › production official-source discovery › first run is a short bilingual source introduction (1.0s)
  ✓  53 [desktop-chromium] › tests/e2e/ondo-b-production-discovery.spec.ts:48:3 › production official-source discovery › city, official category, search, list and legacy URL cleanup remain usable (1.1s)
  ✓  54 [desktop-chromium] › tests/e2e/ondo-b-production-discovery.spec.ts:71:3 › production official-source discovery › map failure keeps the same official directory and retry is real (1.1s)
  ✓  55 [desktop-chromium] › tests/e2e/ondo-b-production-discovery.spec.ts:88:3 › production official-source discovery › place detail shows sourced facts, unknowns, directions and no unsupported actions (1.4s)
  ✓  56 [desktop-chromium] › tests/e2e/ondo-b-production-inclusive.spec.ts:29:3 › ONDO B production inclusive surfaces › B-PROD-INCLUSIVE-000 short-landscape onboarding starts at the source introduction (609ms)
  ✓  57 [desktop-chromium] › tests/e2e/ondo-b-production-inclusive.spec.ts:58:3 › ONDO B production inclusive surfaces › B-PROD-INCLUSIVE-001 category controls meet the 44px target in EN and KO (643ms)
  ✓  58 [desktop-chromium] › tests/e2e/ondo-b-production-inclusive.spec.ts:73:3 › ONDO B production inclusive surfaces › B-PROD-INCLUSIVE-002 empty directory results preserve list semantics and contrast (891ms)
  ✓  59 [desktop-chromium] › tests/e2e/ondo-b-production-inclusive.spec.ts:84:3 › ONDO B production inclusive surfaces › B-PROD-INCLUSIVE-003 saved-place metadata stays at the 12px production floor (937ms)
  ✓  60 [desktop-chromium] › tests/e2e/ondo-b-production-inclusive.spec.ts:98:3 › ONDO B production inclusive surfaces › B-PROD-INCLUSIVE-004 reset confirmation traps Tab and restores its opener (765ms)
  ✓  61 [desktop-chromium] › tests/e2e/ondo-b-production-inclusive.spec.ts:117:3 › ONDO B production inclusive surfaces › B-PROD-INCLUSIVE-005 place summary isolates the underlying directory (995ms)
  ✓  62 [desktop-chromium] › tests/e2e/ondo-b-production-local.spec.ts:36:3 › ONDO B production local-device shell › B-PROD-E2E-001 synthetic session and QA query cannot expose external-product surfaces (762ms)
  ✓  63 [desktop-chromium] › tests/e2e/ondo-b-production-local.spec.ts:57:3 › ONDO B production local-device shell › B-PROD-E2E-002 a private note persists locally and never creates activity state (733ms)
  ✓  64 [desktop-chromium] › tests/e2e/ondo-b-production-local.spec.ts:77:3 › ONDO B production local-device shell › B-PROD-E2E-003 a real storage exception reports failure and keeps the draft (784ms)
  ✓  65 [desktop-chromium] › tests/e2e/ondo-b-production-local.spec.ts:95:3 › ONDO B production local-device shell › B-PROD-SEC-001 visiting B does not read-rewrite or delete A-owned storage (1.0s)
  ✓  66 [desktop-chromium] › tests/e2e/ondo-b-production-local.spec.ts:133:3 › ONDO B production security and resilience boundaries › B-PROD-SEC-002 social metadata rejects forwarded-host and scheme poisoning (12ms)
  ✓  67 [desktop-chromium] › tests/e2e/ondo-b-production-local.spec.ts:146:3 › ONDO B production security and resilience boundaries › B-PROD-SEC-002B invalid local ports fail closed without dropping metadata (16ms)
  ✓  68 [desktop-chromium] › tests/e2e/ondo-b-production-local.spec.ts:158:3 › ONDO B production security and resilience boundaries › B-PROD-SEC-003 HTML responses apply baseline browser security policy (6ms)
  ✓  69 [desktop-chromium] › tests/e2e/ondo-b-production-local.spec.ts:170:3 › ONDO B production security and resilience boundaries › B-PROD-SEC-004 official-detail failure is announced and directly retryable (1.2s)
  ✓  70 [desktop-chromium] › tests/e2e/ondo-b-production-local.spec.ts:191:3 › ONDO B production security and resilience boundaries › B-PROD-SEC-005 location control discloses external map processing before permission (1.3s)
  ✓  71 [desktop-chromium] › tests/e2e/ondo-b-production-local.spec.ts:204:3 › ONDO B production security and resilience boundaries › B-PROD-SEC-006 directory search bounds pasted input before filtering (888ms)
  ✓  72 [desktop-chromium] › tests/e2e/ondo-b-production-local.spec.ts:214:3 › ONDO B production security and resilience boundaries › B-PROD-SEC-007 B metadata does not inherit the stale A canonical URL (10ms)
  ✓  73 [desktop-chromium] › tests/e2e/ondo-b-production-map-chrome-geometry.spec.ts:155:5 › ONDO B production map chrome geometry › EN keeps truthful map chrome independent across production viewports (16.5s)
  ✓  74 [desktop-chromium] › tests/e2e/ondo-b-production-map-chrome-geometry.spec.ts:155:5 › ONDO B production map chrome geometry › KO keeps truthful map chrome independent across production viewports (16.6s)
MAP_CHROME_RED_HASH 4f53cda18c2baa0c0354bb5f9a3ecbe5ed12ab4d8e11ba873c2f11161202b945
MAP_CHROME_RED_COUNT 0
MAP_CHROME_RED_RULE_COUNTS {}
MAP_CHROME_RED_EXACT []
  ✓  75 [desktop-chromium] › tests/e2e/ondo-b-production-map-chrome-red-matrix.spec.ts:1180:3 › ONDO B production map chrome RED matrix › B-PROD-MAP-CHROME-RED-001 seals map chrome across locales, states and structural seams (5.2m)
  ✓  76 [desktop-chromium] › tests/e2e/ondo-b-production-map-chrome-structural.spec.ts:163:3 › ONDO B structural production map chrome › resize hands zoom focus to a visible successor without stealing unrelated focus (980ms)
  ✓  77 [desktop-chromium] › tests/e2e/ondo-b-production-map-chrome-structural.spec.ts:199:7 › ONDO B structural production map chrome › EN idle keeps every actual-root lane truthful across the exact matrix (20.4s)
  ✓  78 [desktop-chromium] › tests/e2e/ondo-b-production-map-chrome-structural.spec.ts:199:7 › ONDO B structural production map chrome › EN ready keeps every actual-root lane truthful across the exact matrix (23.1s)
  ✓  79 [desktop-chromium] › tests/e2e/ondo-b-production-map-chrome-structural.spec.ts:199:7 › ONDO B structural production map chrome › EN denied keeps every actual-root lane truthful across the exact matrix (20.9s)
  ✓  80 [desktop-chromium] › tests/e2e/ondo-b-production-map-chrome-structural.spec.ts:199:7 › ONDO B structural production map chrome › EN offline keeps every actual-root lane truthful across the exact matrix (20.6s)
  ✓  81 [desktop-chromium] › tests/e2e/ondo-b-production-map-chrome-structural.spec.ts:199:7 › ONDO B structural production map chrome › KO idle keeps every actual-root lane truthful across the exact matrix (20.1s)
  ✓  82 [desktop-chromium] › tests/e2e/ondo-b-production-map-chrome-structural.spec.ts:199:7 › ONDO B structural production map chrome › KO ready keeps every actual-root lane truthful across the exact matrix (23.6s)
  ✓  83 [desktop-chromium] › tests/e2e/ondo-b-production-map-chrome-structural.spec.ts:199:7 › ONDO B structural production map chrome › KO denied keeps every actual-root lane truthful across the exact matrix (20.7s)
  ✓  84 [desktop-chromium] › tests/e2e/ondo-b-production-map-chrome-structural.spec.ts:199:7 › ONDO B structural production map chrome › KO offline keeps every actual-root lane truthful across the exact matrix (20.5s)
  ✓  85 [desktop-chromium] › tests/e2e/ondo-b-production-url-canonicalization.spec.ts:33:5 › ONDO B production discovery URL canonicalization › strips every non-discovery key and hash while preserving EN discovery history (763ms)
  ✓  86 [desktop-chromium] › tests/e2e/ondo-b-production-url-canonicalization.spec.ts:33:5 › ONDO B production discovery URL canonicalization › strips every non-discovery key and hash while preserving KO discovery history (718ms)

  Slow test file: [desktop-chromium] › tests/e2e/ondo-b-production-map-chrome-red-matrix.spec.ts (5.2m)
  Consider running tests from slow files in parallel. See: https://playwright.dev/docs/test-parallel
  11 skipped
  75 passed (9.9m)
END 2026-08-24T11:51:47Z
EXIT 0
