START 2026-08-24T11:53:06Z

> k-tour-id@0.1.0 build:sites:ondo-b /private/tmp/ondo-final-nonpixel-4ec64b3.tVFpXK/repo/k-tour-id-app
> node scripts/ondo-b-standalone/build.mjs


  vinext build  (Vite 8.0.13)

[1/5] analyze client references...
[2Ktransforming...✓ 136 modules transformed.
rendering chunks...
✓ built in 374ms
[2/5] analyze server references...
[2Ktransforming...✓ 98 modules transformed.
rendering chunks...
✓ built in 236ms
[3/5] build rsc environment...
[2Ktransforming...✓ 142 modules transformed.
rendering chunks...
computing gzip size...
✓ built in 260ms
[4/5] build client environment...
[2Ktransforming...✓ 1622 modules transformed.
rendering chunks...
computing gzip size...
[plugin builtin:vite-reporter] 
(!) Some chunks are larger than 500 kB after minification. Consider:
- Using dynamic import() to code-split the application
- Use build.rolldownOptions.output.codeSplitting to improve chunking: https://rolldown.rs/reference/OutputOptions.codeSplitting
- Adjust chunk size limit for this warning via build.chunkSizeWarningLimit.
✓ built in 525ms
[5/5] build ssr environment...
[2Ktransforming...✓ 104 modules transformed.
rendering chunks...
computing gzip size...
✓ built in 396ms
[0m
  Route (app)
  ┌ ? /                        
  ├ λ /api/ondo/venues/:venueId
  └ ? /ondo-b                  

  λ API  ? Unknown

  ? Some routes could not be classified. vinext currently uses static analysis
    and cannot detect dynamic API usage (headers(), cookies(), etc.) at build time.
    Automatic classification will be improved in a future release.

  Build complete. Run `vinext start` to start the production server.

{
  "generatedAt": "2026-08-24T11:53:10.182Z",
  "projectId": "appgprj_local_only_ondo_b_artifact",
  "routeFiles": [
    "api/ondo/venues/[venueId]/route.ts",
    "layout.tsx",
    "ondo-b/page.tsx",
    "page.tsx"
  ],
  "emittedRoutes": [
    "/",
    "/api/ondo/venues/:venueId",
    "/ondo-b"
  ],
  "artifact": {
    "files": 29,
    "bytes": 7133962,
    "javascriptFiles": 14,
    "cssFiles": 4,
    "imageFiles": 1
  }
}
END 2026-08-24T11:53:10Z
EXIT 0
