/private/tmp/ondo-final-nonpixel-4ec64b3.tVFpXK/evidence/00-MANIFEST.json: OK
/private/tmp/ondo-final-nonpixel-4ec64b3.tVFpXK/evidence/01-install.log: OK
/private/tmp/ondo-final-nonpixel-4ec64b3.tVFpXK/evidence/02-typecheck.log: OK
/private/tmp/ondo-final-nonpixel-4ec64b3.tVFpXK/evidence/03-contracts-junit.xml: OK
/private/tmp/ondo-final-nonpixel-4ec64b3.tVFpXK/evidence/03-contracts-results.json: OK
/private/tmp/ondo-final-nonpixel-4ec64b3.tVFpXK/evidence/03-contracts.log: OK
/private/tmp/ondo-final-nonpixel-4ec64b3.tVFpXK/evidence/04-next-webpack-build.log: OK
/private/tmp/ondo-final-nonpixel-4ec64b3.tVFpXK/evidence/05-production-b-census.log: OK
/private/tmp/ondo-final-nonpixel-4ec64b3.tVFpXK/evidence/06-a22-census.log: OK
/private/tmp/ondo-final-nonpixel-4ec64b3.tVFpXK/evidence/07-production-server.log: OK
/private/tmp/ondo-final-nonpixel-4ec64b3.tVFpXK/evidence/08-health.ndjson: OK
/private/tmp/ondo-final-nonpixel-4ec64b3.tVFpXK/evidence/09-browser-fallback-smoke.json: OK
/private/tmp/ondo-final-nonpixel-4ec64b3.tVFpXK/evidence/10-production-b-junit.xml: OK
/private/tmp/ondo-final-nonpixel-4ec64b3.tVFpXK/evidence/10-production-b-results.json: OK
/private/tmp/ondo-final-nonpixel-4ec64b3.tVFpXK/evidence/10-production-b-run.log: OK
/private/tmp/ondo-final-nonpixel-4ec64b3.tVFpXK/evidence/11-a22-junit.xml: OK
/private/tmp/ondo-final-nonpixel-4ec64b3.tVFpXK/evidence/11-a22-results.json: OK
/private/tmp/ondo-final-nonpixel-4ec64b3.tVFpXK/evidence/11-a22-run.log: OK
/private/tmp/ondo-final-nonpixel-4ec64b3.tVFpXK/evidence/12-standalone-build.log: OK
/private/tmp/ondo-final-nonpixel-4ec64b3.tVFpXK/evidence/13-standalone-census.json: OK
/private/tmp/ondo-final-nonpixel-4ec64b3.tVFpXK/evidence/13-standalone-scan.log: OK
/private/tmp/ondo-final-nonpixel-4ec64b3.tVFpXK/evidence/14-independent-substring-audit.json: OK
/private/tmp/ondo-final-nonpixel-4ec64b3.tVFpXK/evidence/15-onboarding-css-exact-token-audit.log: OK
/private/tmp/ondo-final-nonpixel-4ec64b3.tVFpXK/evidence/16-standalone-hosting.json: OK
/private/tmp/ondo-final-nonpixel-4ec64b3.tVFpXK/evidence/16-standalone-probe.log: OK
/private/tmp/ondo-final-nonpixel-4ec64b3.tVFpXK/evidence/17-standalone-dist-SHA256SUMS: OK
/private/tmp/ondo-final-nonpixel-4ec64b3.tVFpXK/evidence/18-health-summary.json: OK
/private/tmp/ondo-final-nonpixel-4ec64b3.tVFpXK/evidence/19-standalone-built-files-SHA256SUMS: OK
/private/tmp/ondo-final-nonpixel-4ec64b3.tVFpXK/evidence/20-source-identity.log: OK
/private/tmp/ondo-final-nonpixel-4ec64b3.tVFpXK/evidence/21-teardown.log: OK
/private/tmp/ondo-final-nonpixel-4ec64b3.tVFpXK/evidence/22-probe-runtime-files.json: OK
